2026-07-23 05:52:13,999 [INFO] Starting PNG-only batch: 1 pending / 1 total.
2026-07-23 05:52:17,427 [INFO] (1/1): urls.txt
2026-07-23 05:52:35,917 [INFO]   Done
2026-07-23 05:55:45,670 [INFO] Starting PNG-only batch: 134 pending / 134 total.
2026-07-23 05:55:48,776 [INFO] (1/134): https://www.competitionbmw.com/
2026-07-23 05:56:24,311 [INFO]   Done
2026-07-23 05:56:25,618 [INFO] (2/134): https://www.competitionbmw.com/
2026-07-23 05:56:57,691 [INFO]   Done
2026-07-23 05:56:59,579 [INFO] (3/134): https://www.competitionbmw.com/
2026-07-23 05:57:34,821 [INFO]   Done
2026-07-23 05:57:36,253 [INFO] (4/134): https://www.competitionbmw.com/how-to-solve-bmw-sensor-problems/
2026-07-23 05:57:59,595 [INFO]   Done
2026-07-23 05:58:00,910 [INFO] (5/134): https://www.competitionbmw.com/is-your-bmw-engine-sputtering/
2026-07-23 05:58:23,378 [INFO]   Done
2026-07-23 05:58:24,459 [INFO] (6/134): https://www.competitionbmw.com/why-is-your-bmw-car-not-starting-up/
2026-07-23 05:58:45,273 [INFO]   Done
2026-07-23 05:58:46,550 [INFO] (7/134): https://www.competitionbmw.com/how-to-check-mileage-for-a-used-bmw/
2026-07-23 05:59:08,919 [INFO]   Done
2026-07-23 05:59:10,819 [INFO] (8/134): https://www.competitionbmw.com/why-is-your-bmw-car-not-locking-properly/
2026-07-23 05:59:33,263 [INFO]   Done
2026-07-23 05:59:35,046 [INFO] (9/134): https://www.competitionbmw.com/how-to-identify-a-bmw-gear-box-problem/
2026-07-23 05:59:57,465 [INFO]   Done
2026-07-23 05:59:59,403 [INFO] (10/134): https://www.competitionbmw.com/how-to-fix-a-noisy-bmw-engine/
2026-07-23 06:00:20,578 [INFO]   Done
2026-07-23 06:00:22,343 [INFO] (11/134): https://www.competitionbmw.com/how-to-know-if-your-bmw-is-leaking-transmission-fluid/
2026-07-23 06:00:43,586 [INFO]   Done
2026-07-23 06:00:44,894 [INFO] (12/134): https://www.competitionbmw.com/how-to-fix-a-malfunctioning-bmw-sunroof/
2026-07-23 06:01:08,610 [INFO]   Done
2026-07-23 06:01:09,799 [INFO] (13/134): https://www.competitionbmw.com/when-do-you-need-starter-replacement-for-a-bmw-car/
2026-07-23 06:01:32,600 [INFO]   Done
2026-07-23 06:01:33,899 [INFO] (14/134): https://www.competitionbmw.com/how-to-change-bmw-windshield-wipers/
